// Jest Snapshot v1, https://goo.gl/fbAQLP

exports[`App component renders App 1`] = `
<DocumentFragment>
  <header
    class="dark"
    padding-top="10px"
  >
    <button
      data-testid="button"
    >
      Toggle Light/Dark Mode
    </button>
  </header>
  <ul
    class="CharacterList light"
    data-testid="characters"
  />
</DocumentFragment>
`;
